------------------------------------------------------------
Timing Analyzer Summary
------------------------------------------------------------

Type  : Slow 1100mV 85C Model Setup 'inst20|inst4|vgaclk_inst|altera_pll_i|general[0].gpll~PLL_OUTPUT_COUNTER|divclk'
Slack : -23.289
TNS   : -794.966

Type  : Slow 1100mV 85C Model Setup 'KEY[0]'
Slack : -20.195
TNS   : -6027.696

Type  : Slow 1100mV 85C Model Setup 'ID_EX:inst30|ALUop_out[0]'
Slack : -13.302
TNS   : -344.206

Type  : Slow 1100mV 85C Model Setup 'IF_ID:inst21|PC_out[26]'
Slack : -11.236
TNS   : -114.124

Type  : Slow 1100mV 85C Model Setup 'CLOCK_50'
Slack : -2.908
TNS   : -30.690

Type  : Slow 1100mV 85C Model Setup 'clk_div:inst6|clock_100hz_reg'
Slack : -1.362
TNS   : -7.581

Type  : Slow 1100mV 85C Model Setup 'clk_div:inst6|clock_10Hz_reg'
Slack : -1.311
TNS   : -10.188

Type  : Slow 1100mV 85C Model Setup 'clk_div:inst6|clock_1Mhz_reg'
Slack : -1.307
TNS   : -8.860

Type  : Slow 1100mV 85C Model Setup 'clk_div:inst6|clock_100Khz_reg'
Slack : -1.296
TNS   : -7.111

Type  : Slow 1100mV 85C Model Setup 'clk_div:inst6|clock_10Khz_reg'
Slack : -1.273
TNS   : -8.326

Type  : Slow 1100mV 85C Model Setup 'clk_div:inst6|clock_1Khz_reg'
Slack : -1.273
TNS   : -7.545

Type  : Slow 1100mV 85C Model Hold 'KEY[0]'
Slack : -7.292
TNS   : -33.402

Type  : Slow 1100mV 85C Model Hold 'CLOCK_50'
Slack : -0.061
TNS   : -0.061

Type  : Slow 1100mV 85C Model Hold 'inst20|inst4|vgaclk_inst|altera_pll_i|general[0].gpll~PLL_OUTPUT_COUNTER|divclk'
Slack : 0.269
TNS   : 0.000

Type  : Slow 1100mV 85C Model Hold 'clk_div:inst6|clock_10Khz_reg'
Slack : 0.710
TNS   : 0.000

Type  : Slow 1100mV 85C Model Hold 'clk_div:inst6|clock_1Mhz_reg'
Slack : 0.721
TNS   : 0.000

Type  : Slow 1100mV 85C Model Hold 'IF_ID:inst21|PC_out[26]'
Slack : 0.760
TNS   : 0.000

Type  : Slow 1100mV 85C Model Hold 'clk_div:inst6|clock_100Khz_reg'
Slack : 0.792
TNS   : 0.000

Type  : Slow 1100mV 85C Model Hold 'clk_div:inst6|clock_1Khz_reg'
Slack : 0.797
TNS   : 0.000

Type  : Slow 1100mV 85C Model Hold 'clk_div:inst6|clock_100hz_reg'
Slack : 0.798
TNS   : 0.000

Type  : Slow 1100mV 85C Model Hold 'clk_div:inst6|clock_10Hz_reg'
Slack : 0.870
TNS   : 0.000

Type  : Slow 1100mV 85C Model Hold 'ID_EX:inst30|ALUop_out[0]'
Slack : 4.111
TNS   : 0.000

Type  : Slow 1100mV 85C Model Minimum Pulse Width 'KEY[0]'
Slack : -3.166
TNS   : -1604.676

Type  : Slow 1100mV 85C Model Minimum Pulse Width 'clk_div:inst6|clock_10Hz_reg'
Slack : -0.538
TNS   : -6.282

Type  : Slow 1100mV 85C Model Minimum Pulse Width 'clk_div:inst6|clock_10Khz_reg'
Slack : -0.538
TNS   : -5.489

Type  : Slow 1100mV 85C Model Minimum Pulse Width 'clk_div:inst6|clock_1Mhz_reg'
Slack : -0.538
TNS   : -5.386

Type  : Slow 1100mV 85C Model Minimum Pulse Width 'clk_div:inst6|clock_100Khz_reg'
Slack : -0.538
TNS   : -4.617

Type  : Slow 1100mV 85C Model Minimum Pulse Width 'clk_div:inst6|clock_100hz_reg'
Slack : -0.538
TNS   : -4.612

Type  : Slow 1100mV 85C Model Minimum Pulse Width 'clk_div:inst6|clock_1Khz_reg'
Slack : -0.538
TNS   : -4.611

Type  : Slow 1100mV 85C Model Minimum Pulse Width 'ID_EX:inst30|ALUop_out[0]'
Slack : -0.005
TNS   : -0.010

Type  : Slow 1100mV 85C Model Minimum Pulse Width 'IF_ID:inst21|PC_out[26]'
Slack : 0.283
TNS   : 0.000

Type  : Slow 1100mV 85C Model Minimum Pulse Width 'inst20|inst4|vgaclk_inst|altera_pll_i|general[0].gpll~FRACTIONAL_PLL|vcoph[0]'
Slack : 0.497
TNS   : 0.000

Type  : Slow 1100mV 85C Model Minimum Pulse Width 'CLOCK_50'
Slack : 9.207
TNS   : 0.000

Type  : Slow 1100mV 85C Model Minimum Pulse Width 'inst20|inst4|vgaclk_inst|altera_pll_i|general[0].gpll~PLL_OUTPUT_COUNTER|divclk'
Slack : 18.499
TNS   : 0.000

Type  : Slow 1100mV 0C Model Setup 'inst20|inst4|vgaclk_inst|altera_pll_i|general[0].gpll~PLL_OUTPUT_COUNTER|divclk'
Slack : -22.719
TNS   : -772.422

Type  : Slow 1100mV 0C Model Setup 'KEY[0]'
Slack : -19.996
TNS   : -5834.420

Type  : Slow 1100mV 0C Model Setup 'ID_EX:inst30|ALUop_out[0]'
Slack : -12.954
TNS   : -337.823

Type  : Slow 1100mV 0C Model Setup 'IF_ID:inst21|PC_out[26]'
Slack : -10.915
TNS   : -111.137

Type  : Slow 1100mV 0C Model Setup 'CLOCK_50'
Slack : -2.736
TNS   : -27.575

Type  : Slow 1100mV 0C Model Setup 'clk_div:inst6|clock_100hz_reg'
Slack : -1.375
TNS   : -7.645

Type  : Slow 1100mV 0C Model Setup 'clk_div:inst6|clock_10Hz_reg'
Slack : -1.330
TNS   : -10.238

Type  : Slow 1100mV 0C Model Setup 'clk_div:inst6|clock_1Mhz_reg'
Slack : -1.325
TNS   : -8.947

Type  : Slow 1100mV 0C Model Setup 'clk_div:inst6|clock_100Khz_reg'
Slack : -1.321
TNS   : -6.989

Type  : Slow 1100mV 0C Model Setup 'clk_div:inst6|clock_1Khz_reg'
Slack : -1.281
TNS   : -7.435

Type  : Slow 1100mV 0C Model Setup 'clk_div:inst6|clock_10Khz_reg'
Slack : -1.277
TNS   : -8.294

Type  : Slow 1100mV 0C Model Hold 'KEY[0]'
Slack : -7.052
TNS   : -33.421

Type  : Slow 1100mV 0C Model Hold 'CLOCK_50'
Slack : -0.364
TNS   : -0.925

Type  : Slow 1100mV 0C Model Hold 'inst20|inst4|vgaclk_inst|altera_pll_i|general[0].gpll~PLL_OUTPUT_COUNTER|divclk'
Slack : 0.252
TNS   : 0.000

Type  : Slow 1100mV 0C Model Hold 'clk_div:inst6|clock_10Khz_reg'
Slack : 0.658
TNS   : 0.000

Type  : Slow 1100mV 0C Model Hold 'clk_div:inst6|clock_1Mhz_reg'
Slack : 0.667
TNS   : 0.000

Type  : Slow 1100mV 0C Model Hold 'clk_div:inst6|clock_100Khz_reg'
Slack : 0.715
TNS   : 0.000

Type  : Slow 1100mV 0C Model Hold 'clk_div:inst6|clock_1Khz_reg'
Slack : 0.723
TNS   : 0.000

Type  : Slow 1100mV 0C Model Hold 'clk_div:inst6|clock_100hz_reg'
Slack : 0.730
TNS   : 0.000

Type  : Slow 1100mV 0C Model Hold 'IF_ID:inst21|PC_out[26]'
Slack : 0.739
TNS   : 0.000

Type  : Slow 1100mV 0C Model Hold 'clk_div:inst6|clock_10Hz_reg'
Slack : 0.810
TNS   : 0.000

Type  : Slow 1100mV 0C Model Hold 'ID_EX:inst30|ALUop_out[0]'
Slack : 3.902
TNS   : 0.000

Type  : Slow 1100mV 0C Model Minimum Pulse Width 'KEY[0]'
Slack : -3.166
TNS   : -1595.995

Type  : Slow 1100mV 0C Model Minimum Pulse Width 'clk_div:inst6|clock_10Hz_reg'
Slack : -0.538
TNS   : -6.214

Type  : Slow 1100mV 0C Model Minimum Pulse Width 'clk_div:inst6|clock_10Khz_reg'
Slack : -0.538
TNS   : -5.438

Type  : Slow 1100mV 0C Model Minimum Pulse Width 'clk_div:inst6|clock_1Mhz_reg'
Slack : -0.538
TNS   : -5.397

Type  : Slow 1100mV 0C Model Minimum Pulse Width 'clk_div:inst6|clock_100Khz_reg'
Slack : -0.538
TNS   : -4.639

Type  : Slow 1100mV 0C Model Minimum Pulse Width 'clk_div:inst6|clock_1Khz_reg'
Slack : -0.538
TNS   : -4.632

Type  : Slow 1100mV 0C Model Minimum Pulse Width 'clk_div:inst6|clock_100hz_reg'
Slack : -0.538
TNS   : -4.620

Type  : Slow 1100mV 0C Model Minimum Pulse Width 'ID_EX:inst30|ALUop_out[0]'
Slack : 0.036
TNS   : 0.000

Type  : Slow 1100mV 0C Model Minimum Pulse Width 'IF_ID:inst21|PC_out[26]'
Slack : 0.307
TNS   : 0.000

Type  : Slow 1100mV 0C Model Minimum Pulse Width 'inst20|inst4|vgaclk_inst|altera_pll_i|general[0].gpll~FRACTIONAL_PLL|vcoph[0]'
Slack : 0.497
TNS   : 0.000

Type  : Slow 1100mV 0C Model Minimum Pulse Width 'CLOCK_50'
Slack : 9.208
TNS   : 0.000

Type  : Slow 1100mV 0C Model Minimum Pulse Width 'inst20|inst4|vgaclk_inst|altera_pll_i|general[0].gpll~PLL_OUTPUT_COUNTER|divclk'
Slack : 18.454
TNS   : 0.000

Type  : Fast 1100mV 85C Model Setup 'inst20|inst4|vgaclk_inst|altera_pll_i|general[0].gpll~PLL_OUTPUT_COUNTER|divclk'
Slack : -13.022
TNS   : -443.559

Type  : Fast 1100mV 85C Model Setup 'KEY[0]'
Slack : -10.963
TNS   : -3356.136

Type  : Fast 1100mV 85C Model Setup 'ID_EX:inst30|ALUop_out[0]'
Slack : -6.906
TNS   : -167.756

Type  : Fast 1100mV 85C Model Setup 'IF_ID:inst21|PC_out[26]'
Slack : -5.821
TNS   : -57.022

Type  : Fast 1100mV 85C Model Setup 'CLOCK_50'
Slack : -2.029
TNS   : -20.817

Type  : Fast 1100mV 85C Model Setup 'clk_div:inst6|clock_100hz_reg'
Slack : -0.376
TNS   : -2.061

Type  : Fast 1100mV 85C Model Setup 'clk_div:inst6|clock_1Khz_reg'
Slack : -0.363
TNS   : -2.049

Type  : Fast 1100mV 85C Model Setup 'clk_div:inst6|clock_10Hz_reg'
Slack : -0.362
TNS   : -2.812

Type  : Fast 1100mV 85C Model Setup 'clk_div:inst6|clock_100Khz_reg'
Slack : -0.356
TNS   : -1.940

Type  : Fast 1100mV 85C Model Setup 'clk_div:inst6|clock_1Mhz_reg'
Slack : -0.342
TNS   : -2.278

Type  : Fast 1100mV 85C Model Setup 'clk_div:inst6|clock_10Khz_reg'
Slack : -0.319
TNS   : -2.121

Type  : Fast 1100mV 85C Model Hold 'KEY[0]'
Slack : -4.233
TNS   : -37.723

Type  : Fast 1100mV 85C Model Hold 'CLOCK_50'
Slack : -0.035
TNS   : -0.035

Type  : Fast 1100mV 85C Model Hold 'inst20|inst4|vgaclk_inst|altera_pll_i|general[0].gpll~PLL_OUTPUT_COUNTER|divclk'
Slack : 0.137
TNS   : 0.000

Type  : Fast 1100mV 85C Model Hold 'clk_div:inst6|clock_10Khz_reg'
Slack : 0.304
TNS   : 0.000

Type  : Fast 1100mV 85C Model Hold 'clk_div:inst6|clock_1Mhz_reg'
Slack : 0.304
TNS   : 0.000

Type  : Fast 1100mV 85C Model Hold 'clk_div:inst6|clock_100Khz_reg'
Slack : 0.307
TNS   : 0.000

Type  : Fast 1100mV 85C Model Hold 'clk_div:inst6|clock_100hz_reg'
Slack : 0.316
TNS   : 0.000

Type  : Fast 1100mV 85C Model Hold 'clk_div:inst6|clock_1Khz_reg'
Slack : 0.325
TNS   : 0.000

Type  : Fast 1100mV 85C Model Hold 'clk_div:inst6|clock_10Hz_reg'
Slack : 0.355
TNS   : 0.000

Type  : Fast 1100mV 85C Model Hold 'IF_ID:inst21|PC_out[26]'
Slack : 0.381
TNS   : 0.000

Type  : Fast 1100mV 85C Model Hold 'ID_EX:inst30|ALUop_out[0]'
Slack : 1.886
TNS   : 0.000

Type  : Fast 1100mV 85C Model Minimum Pulse Width 'KEY[0]'
Slack : -2.636
TNS   : -1016.941

Type  : Fast 1100mV 85C Model Minimum Pulse Width 'ID_EX:inst30|ALUop_out[0]'
Slack : 0.057
TNS   : 0.000

Type  : Fast 1100mV 85C Model Minimum Pulse Width 'clk_div:inst6|clock_100Khz_reg'
Slack : 0.129
TNS   : 0.000

Type  : Fast 1100mV 85C Model Minimum Pulse Width 'clk_div:inst6|clock_100hz_reg'
Slack : 0.143
TNS   : 0.000

Type  : Fast 1100mV 85C Model Minimum Pulse Width 'clk_div:inst6|clock_1Khz_reg'
Slack : 0.146
TNS   : 0.000

Type  : Fast 1100mV 85C Model Minimum Pulse Width 'clk_div:inst6|clock_1Mhz_reg'
Slack : 0.149
TNS   : 0.000

Type  : Fast 1100mV 85C Model Minimum Pulse Width 'clk_div:inst6|clock_10Hz_reg'
Slack : 0.154
TNS   : 0.000

Type  : Fast 1100mV 85C Model Minimum Pulse Width 'clk_div:inst6|clock_10Khz_reg'
Slack : 0.155
TNS   : 0.000

Type  : Fast 1100mV 85C Model Minimum Pulse Width 'IF_ID:inst21|PC_out[26]'
Slack : 0.345
TNS   : 0.000

Type  : Fast 1100mV 85C Model Minimum Pulse Width 'inst20|inst4|vgaclk_inst|altera_pll_i|general[0].gpll~FRACTIONAL_PLL|vcoph[0]'
Slack : 0.497
TNS   : 0.000

Type  : Fast 1100mV 85C Model Minimum Pulse Width 'CLOCK_50'
Slack : 9.202
TNS   : 0.000

Type  : Fast 1100mV 85C Model Minimum Pulse Width 'inst20|inst4|vgaclk_inst|altera_pll_i|general[0].gpll~PLL_OUTPUT_COUNTER|divclk'
Slack : 18.790
TNS   : 0.000

Type  : Fast 1100mV 0C Model Setup 'inst20|inst4|vgaclk_inst|altera_pll_i|general[0].gpll~PLL_OUTPUT_COUNTER|divclk'
Slack : -11.680
TNS   : -397.706

Type  : Fast 1100mV 0C Model Setup 'KEY[0]'
Slack : -9.656
TNS   : -2951.462

Type  : Fast 1100mV 0C Model Setup 'ID_EX:inst30|ALUop_out[0]'
Slack : -6.272
TNS   : -154.241

Type  : Fast 1100mV 0C Model Setup 'IF_ID:inst21|PC_out[26]'
Slack : -5.255
TNS   : -51.800

Type  : Fast 1100mV 0C Model Setup 'CLOCK_50'
Slack : -1.556
TNS   : -15.840

Type  : Fast 1100mV 0C Model Setup 'clk_div:inst6|clock_100hz_reg'
Slack : -0.312
TNS   : -1.678

Type  : Fast 1100mV 0C Model Setup 'clk_div:inst6|clock_10Hz_reg'
Slack : -0.294
TNS   : -2.276

Type  : Fast 1100mV 0C Model Setup 'clk_div:inst6|clock_100Khz_reg'
Slack : -0.290
TNS   : -1.523

Type  : Fast 1100mV 0C Model Setup 'clk_div:inst6|clock_1Khz_reg'
Slack : -0.284
TNS   : -1.642

Type  : Fast 1100mV 0C Model Setup 'clk_div:inst6|clock_1Mhz_reg'
Slack : -0.276
TNS   : -1.858

Type  : Fast 1100mV 0C Model Setup 'clk_div:inst6|clock_10Khz_reg'
Slack : -0.256
TNS   : -1.672

Type  : Fast 1100mV 0C Model Hold 'KEY[0]'
Slack : -3.934
TNS   : -39.487

Type  : Fast 1100mV 0C Model Hold 'CLOCK_50'
Slack : -0.239
TNS   : -0.742

Type  : Fast 1100mV 0C Model Hold 'inst20|inst4|vgaclk_inst|altera_pll_i|general[0].gpll~PLL_OUTPUT_COUNTER|divclk'
Slack : 0.125
TNS   : 0.000

Type  : Fast 1100mV 0C Model Hold 'clk_div:inst6|clock_10Khz_reg'
Slack : 0.254
TNS   : 0.000

Type  : Fast 1100mV 0C Model Hold 'clk_div:inst6|clock_1Mhz_reg'
Slack : 0.256
TNS   : 0.000

Type  : Fast 1100mV 0C Model Hold 'clk_div:inst6|clock_100Khz_reg'
Slack : 0.267
TNS   : 0.000

Type  : Fast 1100mV 0C Model Hold 'clk_div:inst6|clock_100hz_reg'
Slack : 0.269
TNS   : 0.000

Type  : Fast 1100mV 0C Model Hold 'clk_div:inst6|clock_1Khz_reg'
Slack : 0.275
TNS   : 0.000

Type  : Fast 1100mV 0C Model Hold 'clk_div:inst6|clock_10Hz_reg'
Slack : 0.305
TNS   : 0.000

Type  : Fast 1100mV 0C Model Hold 'IF_ID:inst21|PC_out[26]'
Slack : 0.362
TNS   : 0.000

Type  : Fast 1100mV 0C Model Hold 'ID_EX:inst30|ALUop_out[0]'
Slack : 1.800
TNS   : 0.000

Type  : Fast 1100mV 0C Model Minimum Pulse Width 'KEY[0]'
Slack : -2.636
TNS   : -1047.418

Type  : Fast 1100mV 0C Model Minimum Pulse Width 'clk_div:inst6|clock_100Khz_reg'
Slack : 0.128
TNS   : 0.000

Type  : Fast 1100mV 0C Model Minimum Pulse Width 'ID_EX:inst30|ALUop_out[0]'
Slack : 0.138
TNS   : 0.000

Type  : Fast 1100mV 0C Model Minimum Pulse Width 'clk_div:inst6|clock_100hz_reg'
Slack : 0.143
TNS   : 0.000

Type  : Fast 1100mV 0C Model Minimum Pulse Width 'clk_div:inst6|clock_1Khz_reg'
Slack : 0.145
TNS   : 0.000

Type  : Fast 1100mV 0C Model Minimum Pulse Width 'clk_div:inst6|clock_1Mhz_reg'
Slack : 0.147
TNS   : 0.000

Type  : Fast 1100mV 0C Model Minimum Pulse Width 'clk_div:inst6|clock_10Khz_reg'
Slack : 0.159
TNS   : 0.000

Type  : Fast 1100mV 0C Model Minimum Pulse Width 'clk_div:inst6|clock_10Hz_reg'
Slack : 0.160
TNS   : 0.000

Type  : Fast 1100mV 0C Model Minimum Pulse Width 'IF_ID:inst21|PC_out[26]'
Slack : 0.367
TNS   : 0.000

Type  : Fast 1100mV 0C Model Minimum Pulse Width 'inst20|inst4|vgaclk_inst|altera_pll_i|general[0].gpll~FRACTIONAL_PLL|vcoph[0]'
Slack : 0.497
TNS   : 0.000

Type  : Fast 1100mV 0C Model Minimum Pulse Width 'CLOCK_50'
Slack : 9.205
TNS   : 0.000

Type  : Fast 1100mV 0C Model Minimum Pulse Width 'inst20|inst4|vgaclk_inst|altera_pll_i|general[0].gpll~PLL_OUTPUT_COUNTER|divclk'
Slack : 18.792
TNS   : 0.000

------------------------------------------------------------
