------------------------------------------------------------
Timing Analyzer Summary
------------------------------------------------------------

Type  : Slow 1100mV 85C Model Setup 'inst20|inst4|vgaclk_inst|altera_pll_i|general[0].gpll~PLL_OUTPUT_COUNTER|divclk'
Slack : -24.145
TNS   : -750.800

Type  : Slow 1100mV 85C Model Setup 'KEY[0]'
Slack : -18.579
TNS   : -4354.017

Type  : Slow 1100mV 85C Model Setup 'IF_ID:inst21|PC_out[26]'
Slack : -12.351
TNS   : -117.680

Type  : Slow 1100mV 85C Model Setup 'ID_EX:inst30|ALUop_out[0]'
Slack : -11.817
TNS   : -342.216

Type  : Slow 1100mV 85C Model Setup 'CLOCK_50'
Slack : -3.089
TNS   : -32.418

Type  : Slow 1100mV 85C Model Setup 'clk_div:inst6|clock_100Khz_reg'
Slack : -1.550
TNS   : -9.914

Type  : Slow 1100mV 85C Model Setup 'clk_div:inst6|clock_10Khz_reg'
Slack : -1.529
TNS   : -10.493

Type  : Slow 1100mV 85C Model Setup 'clk_div:inst6|clock_1Khz_reg'
Slack : -1.520
TNS   : -8.421

Type  : Slow 1100mV 85C Model Setup 'clk_div:inst6|clock_1Mhz_reg'
Slack : -1.516
TNS   : -9.256

Type  : Slow 1100mV 85C Model Setup 'clk_div:inst6|clock_10Hz_reg'
Slack : -1.363
TNS   : -8.714

Type  : Slow 1100mV 85C Model Setup 'clk_div:inst6|clock_100hz_reg'
Slack : -1.303
TNS   : -7.621

Type  : Slow 1100mV 85C Model Hold 'KEY[0]'
Slack : -6.950
TNS   : -109.257

Type  : Slow 1100mV 85C Model Hold 'CLOCK_50'
Slack : -0.484
TNS   : -0.484

Type  : Slow 1100mV 85C Model Hold 'inst20|inst4|vgaclk_inst|altera_pll_i|general[0].gpll~PLL_OUTPUT_COUNTER|divclk'
Slack : 0.271
TNS   : 0.000

Type  : Slow 1100mV 85C Model Hold 'clk_div:inst6|clock_100hz_reg'
Slack : 0.701
TNS   : 0.000

Type  : Slow 1100mV 85C Model Hold 'clk_div:inst6|clock_1Mhz_reg'
Slack : 0.814
TNS   : 0.000

Type  : Slow 1100mV 85C Model Hold 'clk_div:inst6|clock_10Hz_reg'
Slack : 0.826
TNS   : 0.000

Type  : Slow 1100mV 85C Model Hold 'clk_div:inst6|clock_1Khz_reg'
Slack : 0.867
TNS   : 0.000

Type  : Slow 1100mV 85C Model Hold 'clk_div:inst6|clock_10Khz_reg'
Slack : 0.881
TNS   : 0.000

Type  : Slow 1100mV 85C Model Hold 'clk_div:inst6|clock_100Khz_reg'
Slack : 0.940
TNS   : 0.000

Type  : Slow 1100mV 85C Model Hold 'IF_ID:inst21|PC_out[26]'
Slack : 0.991
TNS   : 0.000

Type  : Slow 1100mV 85C Model Hold 'ID_EX:inst30|ALUop_out[0]'
Slack : 4.103
TNS   : 0.000

Type  : Slow 1100mV 85C Model Minimum Pulse Width 'KEY[0]'
Slack : -3.166
TNS   : -1478.002

Type  : Slow 1100mV 85C Model Minimum Pulse Width 'clk_div:inst6|clock_10Khz_reg'
Slack : -0.538
TNS   : -6.338

Type  : Slow 1100mV 85C Model Minimum Pulse Width 'clk_div:inst6|clock_100Khz_reg'
Slack : -0.538
TNS   : -5.665

Type  : Slow 1100mV 85C Model Minimum Pulse Width 'clk_div:inst6|clock_1Mhz_reg'
Slack : -0.538
TNS   : -5.499

Type  : Slow 1100mV 85C Model Minimum Pulse Width 'clk_div:inst6|clock_10Hz_reg'
Slack : -0.538
TNS   : -5.388

Type  : Slow 1100mV 85C Model Minimum Pulse Width 'clk_div:inst6|clock_1Khz_reg'
Slack : -0.538
TNS   : -4.752

Type  : Slow 1100mV 85C Model Minimum Pulse Width 'clk_div:inst6|clock_100hz_reg'
Slack : -0.538
TNS   : -4.618

Type  : Slow 1100mV 85C Model Minimum Pulse Width 'ID_EX:inst30|ALUop_out[0]'
Slack : -0.073
TNS   : -0.156

Type  : Slow 1100mV 85C Model Minimum Pulse Width 'IF_ID:inst21|PC_out[26]'
Slack : 0.189
TNS   : 0.000

Type  : Slow 1100mV 85C Model Minimum Pulse Width 'inst20|inst4|vgaclk_inst|altera_pll_i|general[0].gpll~FRACTIONAL_PLL|vcoph[0]'
Slack : 0.497
TNS   : 0.000

Type  : Slow 1100mV 85C Model Minimum Pulse Width 'CLOCK_50'
Slack : 9.120
TNS   : 0.000

Type  : Slow 1100mV 85C Model Minimum Pulse Width 'inst20|inst4|vgaclk_inst|altera_pll_i|general[0].gpll~PLL_OUTPUT_COUNTER|divclk'
Slack : 18.496
TNS   : 0.000

Type  : Slow 1100mV 0C Model Setup 'inst20|inst4|vgaclk_inst|altera_pll_i|general[0].gpll~PLL_OUTPUT_COUNTER|divclk'
Slack : -23.867
TNS   : -741.606

Type  : Slow 1100mV 0C Model Setup 'KEY[0]'
Slack : -18.604
TNS   : -4262.813

Type  : Slow 1100mV 0C Model Setup 'IF_ID:inst21|PC_out[26]'
Slack : -11.930
TNS   : -114.308

Type  : Slow 1100mV 0C Model Setup 'ID_EX:inst30|ALUop_out[0]'
Slack : -11.568
TNS   : -336.747

Type  : Slow 1100mV 0C Model Setup 'CLOCK_50'
Slack : -2.801
TNS   : -29.276

Type  : Slow 1100mV 0C Model Setup 'clk_div:inst6|clock_10Khz_reg'
Slack : -1.596
TNS   : -10.696

Type  : Slow 1100mV 0C Model Setup 'clk_div:inst6|clock_100Khz_reg'
Slack : -1.595
TNS   : -10.279

Type  : Slow 1100mV 0C Model Setup 'clk_div:inst6|clock_1Mhz_reg'
Slack : -1.566
TNS   : -9.248

Type  : Slow 1100mV 0C Model Setup 'clk_div:inst6|clock_1Khz_reg'
Slack : -1.563
TNS   : -8.647

Type  : Slow 1100mV 0C Model Setup 'clk_div:inst6|clock_10Hz_reg'
Slack : -1.388
TNS   : -8.624

Type  : Slow 1100mV 0C Model Setup 'clk_div:inst6|clock_100hz_reg'
Slack : -1.308
TNS   : -7.660

Type  : Slow 1100mV 0C Model Hold 'KEY[0]'
Slack : -6.631
TNS   : -109.102

Type  : Slow 1100mV 0C Model Hold 'CLOCK_50'
Slack : -0.721
TNS   : -0.969

Type  : Slow 1100mV 0C Model Hold 'inst20|inst4|vgaclk_inst|altera_pll_i|general[0].gpll~PLL_OUTPUT_COUNTER|divclk'
Slack : 0.256
TNS   : 0.000

Type  : Slow 1100mV 0C Model Hold 'clk_div:inst6|clock_100hz_reg'
Slack : 0.650
TNS   : 0.000

Type  : Slow 1100mV 0C Model Hold 'clk_div:inst6|clock_1Mhz_reg'
Slack : 0.754
TNS   : 0.000

Type  : Slow 1100mV 0C Model Hold 'clk_div:inst6|clock_10Hz_reg'
Slack : 0.765
TNS   : 0.000

Type  : Slow 1100mV 0C Model Hold 'clk_div:inst6|clock_10Khz_reg'
Slack : 0.813
TNS   : 0.000

Type  : Slow 1100mV 0C Model Hold 'clk_div:inst6|clock_1Khz_reg'
Slack : 0.815
TNS   : 0.000

Type  : Slow 1100mV 0C Model Hold 'clk_div:inst6|clock_100Khz_reg'
Slack : 0.930
TNS   : 0.000

Type  : Slow 1100mV 0C Model Hold 'IF_ID:inst21|PC_out[26]'
Slack : 0.938
TNS   : 0.000

Type  : Slow 1100mV 0C Model Hold 'ID_EX:inst30|ALUop_out[0]'
Slack : 3.888
TNS   : 0.000

Type  : Slow 1100mV 0C Model Minimum Pulse Width 'KEY[0]'
Slack : -3.166
TNS   : -1529.405

Type  : Slow 1100mV 0C Model Minimum Pulse Width 'clk_div:inst6|clock_10Khz_reg'
Slack : -0.538
TNS   : -6.294

Type  : Slow 1100mV 0C Model Minimum Pulse Width 'clk_div:inst6|clock_100Khz_reg'
Slack : -0.538
TNS   : -5.583

Type  : Slow 1100mV 0C Model Minimum Pulse Width 'clk_div:inst6|clock_1Mhz_reg'
Slack : -0.538
TNS   : -5.446

Type  : Slow 1100mV 0C Model Minimum Pulse Width 'clk_div:inst6|clock_10Hz_reg'
Slack : -0.538
TNS   : -5.390

Type  : Slow 1100mV 0C Model Minimum Pulse Width 'clk_div:inst6|clock_1Khz_reg'
Slack : -0.538
TNS   : -4.726

Type  : Slow 1100mV 0C Model Minimum Pulse Width 'clk_div:inst6|clock_100hz_reg'
Slack : -0.538
TNS   : -4.634

Type  : Slow 1100mV 0C Model Minimum Pulse Width 'ID_EX:inst30|ALUop_out[0]'
Slack : -0.062
TNS   : -0.166

Type  : Slow 1100mV 0C Model Minimum Pulse Width 'IF_ID:inst21|PC_out[26]'
Slack : 0.197
TNS   : 0.000

Type  : Slow 1100mV 0C Model Minimum Pulse Width 'inst20|inst4|vgaclk_inst|altera_pll_i|general[0].gpll~FRACTIONAL_PLL|vcoph[0]'
Slack : 0.497
TNS   : 0.000

Type  : Slow 1100mV 0C Model Minimum Pulse Width 'CLOCK_50'
Slack : 9.126
TNS   : 0.000

Type  : Slow 1100mV 0C Model Minimum Pulse Width 'inst20|inst4|vgaclk_inst|altera_pll_i|general[0].gpll~PLL_OUTPUT_COUNTER|divclk'
Slack : 18.453
TNS   : 0.000

Type  : Fast 1100mV 85C Model Setup 'inst20|inst4|vgaclk_inst|altera_pll_i|general[0].gpll~PLL_OUTPUT_COUNTER|divclk'
Slack : -13.220
TNS   : -416.210

Type  : Fast 1100mV 85C Model Setup 'KEY[0]'
Slack : -9.562
TNS   : -2314.859

Type  : Fast 1100mV 85C Model Setup 'IF_ID:inst21|PC_out[26]'
Slack : -6.247
TNS   : -58.963

Type  : Fast 1100mV 85C Model Setup 'ID_EX:inst30|ALUop_out[0]'
Slack : -5.865
TNS   : -168.093

Type  : Fast 1100mV 85C Model Setup 'CLOCK_50'
Slack : -2.132
TNS   : -21.590

Type  : Fast 1100mV 85C Model Setup 'clk_div:inst6|clock_100Khz_reg'
Slack : -0.461
TNS   : -2.736

Type  : Fast 1100mV 85C Model Setup 'clk_div:inst6|clock_10Khz_reg'
Slack : -0.453
TNS   : -2.912

Type  : Fast 1100mV 85C Model Setup 'clk_div:inst6|clock_1Khz_reg'
Slack : -0.448
TNS   : -2.409

Type  : Fast 1100mV 85C Model Setup 'clk_div:inst6|clock_1Mhz_reg'
Slack : -0.437
TNS   : -2.564

Type  : Fast 1100mV 85C Model Setup 'clk_div:inst6|clock_10Hz_reg'
Slack : -0.378
TNS   : -2.437

Type  : Fast 1100mV 85C Model Setup 'clk_div:inst6|clock_100hz_reg'
Slack : -0.376
TNS   : -2.108

Type  : Fast 1100mV 85C Model Hold 'KEY[0]'
Slack : -4.019
TNS   : -72.861

Type  : Fast 1100mV 85C Model Hold 'CLOCK_50'
Slack : -0.246
TNS   : -0.246

Type  : Fast 1100mV 85C Model Hold 'inst20|inst4|vgaclk_inst|altera_pll_i|general[0].gpll~PLL_OUTPUT_COUNTER|divclk'
Slack : 0.135
TNS   : 0.000

Type  : Fast 1100mV 85C Model Hold 'clk_div:inst6|clock_100hz_reg'
Slack : 0.293
TNS   : 0.000

Type  : Fast 1100mV 85C Model Hold 'clk_div:inst6|clock_1Mhz_reg'
Slack : 0.326
TNS   : 0.000

Type  : Fast 1100mV 85C Model Hold 'clk_div:inst6|clock_10Hz_reg'
Slack : 0.327
TNS   : 0.000

Type  : Fast 1100mV 85C Model Hold 'clk_div:inst6|clock_1Khz_reg'
Slack : 0.349
TNS   : 0.000

Type  : Fast 1100mV 85C Model Hold 'clk_div:inst6|clock_100Khz_reg'
Slack : 0.364
TNS   : 0.000

Type  : Fast 1100mV 85C Model Hold 'clk_div:inst6|clock_10Khz_reg'
Slack : 0.365
TNS   : 0.000

Type  : Fast 1100mV 85C Model Hold 'IF_ID:inst21|PC_out[26]'
Slack : 0.368
TNS   : 0.000

Type  : Fast 1100mV 85C Model Hold 'ID_EX:inst30|ALUop_out[0]'
Slack : 2.050
TNS   : 0.000

Type  : Fast 1100mV 85C Model Minimum Pulse Width 'KEY[0]'
Slack : -2.636
TNS   : -1091.034

Type  : Fast 1100mV 85C Model Minimum Pulse Width 'ID_EX:inst30|ALUop_out[0]'
Slack : -0.001
TNS   : -0.001

Type  : Fast 1100mV 85C Model Minimum Pulse Width 'clk_div:inst6|clock_100Khz_reg'
Slack : 0.081
TNS   : 0.000

Type  : Fast 1100mV 85C Model Minimum Pulse Width 'clk_div:inst6|clock_100hz_reg'
Slack : 0.125
TNS   : 0.000

Type  : Fast 1100mV 85C Model Minimum Pulse Width 'clk_div:inst6|clock_1Khz_reg'
Slack : 0.136
TNS   : 0.000

Type  : Fast 1100mV 85C Model Minimum Pulse Width 'clk_div:inst6|clock_1Mhz_reg'
Slack : 0.136
TNS   : 0.000

Type  : Fast 1100mV 85C Model Minimum Pulse Width 'clk_div:inst6|clock_10Khz_reg'
Slack : 0.145
TNS   : 0.000

Type  : Fast 1100mV 85C Model Minimum Pulse Width 'clk_div:inst6|clock_10Hz_reg'
Slack : 0.150
TNS   : 0.000

Type  : Fast 1100mV 85C Model Minimum Pulse Width 'IF_ID:inst21|PC_out[26]'
Slack : 0.287
TNS   : 0.000

Type  : Fast 1100mV 85C Model Minimum Pulse Width 'inst20|inst4|vgaclk_inst|altera_pll_i|general[0].gpll~FRACTIONAL_PLL|vcoph[0]'
Slack : 0.497
TNS   : 0.000

Type  : Fast 1100mV 85C Model Minimum Pulse Width 'CLOCK_50'
Slack : 9.130
TNS   : 0.000

Type  : Fast 1100mV 85C Model Minimum Pulse Width 'inst20|inst4|vgaclk_inst|altera_pll_i|general[0].gpll~PLL_OUTPUT_COUNTER|divclk'
Slack : 18.785
TNS   : 0.000

Type  : Fast 1100mV 0C Model Setup 'inst20|inst4|vgaclk_inst|altera_pll_i|general[0].gpll~PLL_OUTPUT_COUNTER|divclk'
Slack : -11.935
TNS   : -373.911

Type  : Fast 1100mV 0C Model Setup 'KEY[0]'
Slack : -8.590
TNS   : -2033.105

Type  : Fast 1100mV 0C Model Setup 'IF_ID:inst21|PC_out[26]'
Slack : -5.616
TNS   : -53.380

Type  : Fast 1100mV 0C Model Setup 'ID_EX:inst30|ALUop_out[0]'
Slack : -5.349
TNS   : -153.359

Type  : Fast 1100mV 0C Model Setup 'CLOCK_50'
Slack : -1.664
TNS   : -16.579

Type  : Fast 1100mV 0C Model Setup 'clk_div:inst6|clock_10Khz_reg'
Slack : -0.395
TNS   : -2.422

Type  : Fast 1100mV 0C Model Setup 'clk_div:inst6|clock_100Khz_reg'
Slack : -0.393
TNS   : -2.301

Type  : Fast 1100mV 0C Model Setup 'clk_div:inst6|clock_1Khz_reg'
Slack : -0.383
TNS   : -2.009

Type  : Fast 1100mV 0C Model Setup 'clk_div:inst6|clock_1Mhz_reg'
Slack : -0.376
TNS   : -2.075

Type  : Fast 1100mV 0C Model Setup 'clk_div:inst6|clock_10Hz_reg'
Slack : -0.314
TNS   : -1.947

Type  : Fast 1100mV 0C Model Setup 'clk_div:inst6|clock_100hz_reg'
Slack : -0.302
TNS   : -1.698

Type  : Fast 1100mV 0C Model Hold 'KEY[0]'
Slack : -3.719
TNS   : -74.822

Type  : Fast 1100mV 0C Model Hold 'CLOCK_50'
Slack : -0.406
TNS   : -0.738

Type  : Fast 1100mV 0C Model Hold 'inst20|inst4|vgaclk_inst|altera_pll_i|general[0].gpll~PLL_OUTPUT_COUNTER|divclk'
Slack : 0.122
TNS   : 0.000

Type  : Fast 1100mV 0C Model Hold 'clk_div:inst6|clock_100hz_reg'
Slack : 0.243
TNS   : 0.000

Type  : Fast 1100mV 0C Model Hold 'clk_div:inst6|clock_10Hz_reg'
Slack : 0.277
TNS   : 0.000

Type  : Fast 1100mV 0C Model Hold 'clk_div:inst6|clock_1Mhz_reg'
Slack : 0.281
TNS   : 0.000

Type  : Fast 1100mV 0C Model Hold 'clk_div:inst6|clock_1Khz_reg'
Slack : 0.305
TNS   : 0.000

Type  : Fast 1100mV 0C Model Hold 'clk_div:inst6|clock_10Khz_reg'
Slack : 0.320
TNS   : 0.000

Type  : Fast 1100mV 0C Model Hold 'clk_div:inst6|clock_100Khz_reg'
Slack : 0.328
TNS   : 0.000

Type  : Fast 1100mV 0C Model Hold 'IF_ID:inst21|PC_out[26]'
Slack : 0.354
TNS   : 0.000

Type  : Fast 1100mV 0C Model Hold 'ID_EX:inst30|ALUop_out[0]'
Slack : 1.926
TNS   : 0.000

Type  : Fast 1100mV 0C Model Minimum Pulse Width 'KEY[0]'
Slack : -2.636
TNS   : -1123.691

Type  : Fast 1100mV 0C Model Minimum Pulse Width 'ID_EX:inst30|ALUop_out[0]'
Slack : 0.075
TNS   : 0.000

Type  : Fast 1100mV 0C Model Minimum Pulse Width 'clk_div:inst6|clock_100Khz_reg'
Slack : 0.096
TNS   : 0.000

Type  : Fast 1100mV 0C Model Minimum Pulse Width 'clk_div:inst6|clock_100hz_reg'
Slack : 0.127
TNS   : 0.000

Type  : Fast 1100mV 0C Model Minimum Pulse Width 'clk_div:inst6|clock_1Khz_reg'
Slack : 0.141
TNS   : 0.000

Type  : Fast 1100mV 0C Model Minimum Pulse Width 'clk_div:inst6|clock_1Mhz_reg'
Slack : 0.142
TNS   : 0.000

Type  : Fast 1100mV 0C Model Minimum Pulse Width 'clk_div:inst6|clock_10Hz_reg'
Slack : 0.148
TNS   : 0.000

Type  : Fast 1100mV 0C Model Minimum Pulse Width 'clk_div:inst6|clock_10Khz_reg'
Slack : 0.154
TNS   : 0.000

Type  : Fast 1100mV 0C Model Minimum Pulse Width 'IF_ID:inst21|PC_out[26]'
Slack : 0.322
TNS   : 0.000

Type  : Fast 1100mV 0C Model Minimum Pulse Width 'inst20|inst4|vgaclk_inst|altera_pll_i|general[0].gpll~FRACTIONAL_PLL|vcoph[0]'
Slack : 0.497
TNS   : 0.000

Type  : Fast 1100mV 0C Model Minimum Pulse Width 'CLOCK_50'
Slack : 9.142
TNS   : 0.000

Type  : Fast 1100mV 0C Model Minimum Pulse Width 'inst20|inst4|vgaclk_inst|altera_pll_i|general[0].gpll~PLL_OUTPUT_COUNTER|divclk'
Slack : 18.787
TNS   : 0.000

------------------------------------------------------------
