------------------------------------------------------------
Timing Analyzer Summary
------------------------------------------------------------

Type  : Slow 1100mV 85C Model Setup 'ID_EX:inst30|ALUop_out[0]'
Slack : -16.461
TNS   : -822.341

Type  : Slow 1100mV 85C Model Setup 'inst20|inst4|vgaclk_inst|altera_pll_i|general[0].gpll~PLL_OUTPUT_COUNTER|divclk'
Slack : -14.320
TNS   : -394.968

Type  : Slow 1100mV 85C Model Setup 'IF_ID:inst21|PC_out[26]'
Slack : -10.089
TNS   : -95.977

Type  : Slow 1100mV 85C Model Setup 'KEY[0]'
Slack : -6.013
TNS   : -3046.585

Type  : Slow 1100mV 85C Model Setup 'CLOCK_50'
Slack : -3.577
TNS   : -36.092

Type  : Slow 1100mV 85C Model Setup 'clk_div:inst6|clock_10Khz_reg'
Slack : -1.497
TNS   : -9.062

Type  : Slow 1100mV 85C Model Setup 'clk_div:inst6|clock_100Khz_reg'
Slack : -1.462
TNS   : -7.728

Type  : Slow 1100mV 85C Model Setup 'clk_div:inst6|clock_1Khz_reg'
Slack : -1.355
TNS   : -9.075

Type  : Slow 1100mV 85C Model Setup 'clk_div:inst6|clock_1Mhz_reg'
Slack : -1.345
TNS   : -8.801

Type  : Slow 1100mV 85C Model Setup 'clk_div:inst6|clock_100hz_reg'
Slack : -1.331
TNS   : -7.272

Type  : Slow 1100mV 85C Model Setup 'clk_div:inst6|clock_10Hz_reg'
Slack : -1.276
TNS   : -7.528

Type  : Slow 1100mV 85C Model Hold 'KEY[0]'
Slack : -7.022
TNS   : -36.817

Type  : Slow 1100mV 85C Model Hold 'inst20|inst4|vgaclk_inst|altera_pll_i|general[0].gpll~PLL_OUTPUT_COUNTER|divclk'
Slack : 0.270
TNS   : 0.000

Type  : Slow 1100mV 85C Model Hold 'CLOCK_50'
Slack : 0.310
TNS   : 0.000

Type  : Slow 1100mV 85C Model Hold 'ID_EX:inst30|ALUop_out[0]'
Slack : 0.578
TNS   : 0.000

Type  : Slow 1100mV 85C Model Hold 'IF_ID:inst21|PC_out[26]'
Slack : 0.603
TNS   : 0.000

Type  : Slow 1100mV 85C Model Hold 'clk_div:inst6|clock_100hz_reg'
Slack : 0.678
TNS   : 0.000

Type  : Slow 1100mV 85C Model Hold 'clk_div:inst6|clock_1Khz_reg'
Slack : 0.692
TNS   : 0.000

Type  : Slow 1100mV 85C Model Hold 'clk_div:inst6|clock_10Hz_reg'
Slack : 0.729
TNS   : 0.000

Type  : Slow 1100mV 85C Model Hold 'clk_div:inst6|clock_100Khz_reg'
Slack : 0.778
TNS   : 0.000

Type  : Slow 1100mV 85C Model Hold 'clk_div:inst6|clock_1Mhz_reg'
Slack : 0.829
TNS   : 0.000

Type  : Slow 1100mV 85C Model Hold 'clk_div:inst6|clock_10Khz_reg'
Slack : 0.855
TNS   : 0.000

Type  : Slow 1100mV 85C Model Minimum Pulse Width 'KEY[0]'
Slack : -3.166
TNS   : -1751.010

Type  : Slow 1100mV 85C Model Minimum Pulse Width 'clk_div:inst6|clock_10Khz_reg'
Slack : -0.538
TNS   : -5.526

Type  : Slow 1100mV 85C Model Minimum Pulse Width 'clk_div:inst6|clock_1Mhz_reg'
Slack : -0.538
TNS   : -5.501

Type  : Slow 1100mV 85C Model Minimum Pulse Width 'clk_div:inst6|clock_1Khz_reg'
Slack : -0.538
TNS   : -5.379

Type  : Slow 1100mV 85C Model Minimum Pulse Width 'clk_div:inst6|clock_100hz_reg'
Slack : -0.538
TNS   : -4.618

Type  : Slow 1100mV 85C Model Minimum Pulse Width 'clk_div:inst6|clock_100Khz_reg'
Slack : -0.538
TNS   : -4.611

Type  : Slow 1100mV 85C Model Minimum Pulse Width 'clk_div:inst6|clock_10Hz_reg'
Slack : -0.538
TNS   : -4.611

Type  : Slow 1100mV 85C Model Minimum Pulse Width 'ID_EX:inst30|ALUop_out[0]'
Slack : -0.076
TNS   : -0.324

Type  : Slow 1100mV 85C Model Minimum Pulse Width 'IF_ID:inst21|PC_out[26]'
Slack : 0.374
TNS   : 0.000

Type  : Slow 1100mV 85C Model Minimum Pulse Width 'inst20|inst4|vgaclk_inst|altera_pll_i|general[0].gpll~FRACTIONAL_PLL|vcoph[0]'
Slack : 0.497
TNS   : 0.000

Type  : Slow 1100mV 85C Model Minimum Pulse Width 'CLOCK_50'
Slack : 9.152
TNS   : 0.000

Type  : Slow 1100mV 85C Model Minimum Pulse Width 'inst20|inst4|vgaclk_inst|altera_pll_i|general[0].gpll~PLL_OUTPUT_COUNTER|divclk'
Slack : 18.495
TNS   : 0.000

Type  : Slow 1100mV 0C Model Setup 'ID_EX:inst30|ALUop_out[0]'
Slack : -16.300
TNS   : -809.020

Type  : Slow 1100mV 0C Model Setup 'inst20|inst4|vgaclk_inst|altera_pll_i|general[0].gpll~PLL_OUTPUT_COUNTER|divclk'
Slack : -14.026
TNS   : -384.056

Type  : Slow 1100mV 0C Model Setup 'IF_ID:inst21|PC_out[26]'
Slack : -9.791
TNS   : -93.165

Type  : Slow 1100mV 0C Model Setup 'KEY[0]'
Slack : -5.855
TNS   : -2981.218

Type  : Slow 1100mV 0C Model Setup 'CLOCK_50'
Slack : -3.410
TNS   : -33.168

Type  : Slow 1100mV 0C Model Setup 'clk_div:inst6|clock_10Khz_reg'
Slack : -1.551
TNS   : -9.055

Type  : Slow 1100mV 0C Model Setup 'clk_div:inst6|clock_100Khz_reg'
Slack : -1.514
TNS   : -7.899

Type  : Slow 1100mV 0C Model Setup 'clk_div:inst6|clock_100hz_reg'
Slack : -1.393
TNS   : -7.282

Type  : Slow 1100mV 0C Model Setup 'clk_div:inst6|clock_1Khz_reg'
Slack : -1.372
TNS   : -9.110

Type  : Slow 1100mV 0C Model Setup 'clk_div:inst6|clock_1Mhz_reg'
Slack : -1.369
TNS   : -8.673

Type  : Slow 1100mV 0C Model Setup 'clk_div:inst6|clock_10Hz_reg'
Slack : -1.294
TNS   : -7.524

Type  : Slow 1100mV 0C Model Hold 'KEY[0]'
Slack : -6.760
TNS   : -35.312

Type  : Slow 1100mV 0C Model Hold 'CLOCK_50'
Slack : -0.022
TNS   : -0.022

Type  : Slow 1100mV 0C Model Hold 'inst20|inst4|vgaclk_inst|altera_pll_i|general[0].gpll~PLL_OUTPUT_COUNTER|divclk'
Slack : 0.209
TNS   : 0.000

Type  : Slow 1100mV 0C Model Hold 'IF_ID:inst21|PC_out[26]'
Slack : 0.525
TNS   : 0.000

Type  : Slow 1100mV 0C Model Hold 'ID_EX:inst30|ALUop_out[0]'
Slack : 0.538
TNS   : 0.000

Type  : Slow 1100mV 0C Model Hold 'clk_div:inst6|clock_100hz_reg'
Slack : 0.637
TNS   : 0.000

Type  : Slow 1100mV 0C Model Hold 'clk_div:inst6|clock_1Khz_reg'
Slack : 0.639
TNS   : 0.000

Type  : Slow 1100mV 0C Model Hold 'clk_div:inst6|clock_10Hz_reg'
Slack : 0.667
TNS   : 0.000

Type  : Slow 1100mV 0C Model Hold 'clk_div:inst6|clock_100Khz_reg'
Slack : 0.710
TNS   : 0.000

Type  : Slow 1100mV 0C Model Hold 'clk_div:inst6|clock_1Mhz_reg'
Slack : 0.767
TNS   : 0.000

Type  : Slow 1100mV 0C Model Hold 'clk_div:inst6|clock_10Khz_reg'
Slack : 0.798
TNS   : 0.000

Type  : Slow 1100mV 0C Model Minimum Pulse Width 'KEY[0]'
Slack : -3.166
TNS   : -1843.294

Type  : Slow 1100mV 0C Model Minimum Pulse Width 'clk_div:inst6|clock_10Khz_reg'
Slack : -0.538
TNS   : -5.460

Type  : Slow 1100mV 0C Model Minimum Pulse Width 'clk_div:inst6|clock_1Mhz_reg'
Slack : -0.538
TNS   : -5.437

Type  : Slow 1100mV 0C Model Minimum Pulse Width 'clk_div:inst6|clock_1Khz_reg'
Slack : -0.538
TNS   : -5.404

Type  : Slow 1100mV 0C Model Minimum Pulse Width 'clk_div:inst6|clock_100hz_reg'
Slack : -0.538
TNS   : -4.639

Type  : Slow 1100mV 0C Model Minimum Pulse Width 'clk_div:inst6|clock_100Khz_reg'
Slack : -0.538
TNS   : -4.626

Type  : Slow 1100mV 0C Model Minimum Pulse Width 'clk_div:inst6|clock_10Hz_reg'
Slack : -0.538
TNS   : -4.620

Type  : Slow 1100mV 0C Model Minimum Pulse Width 'ID_EX:inst30|ALUop_out[0]'
Slack : -0.055
TNS   : -0.170

Type  : Slow 1100mV 0C Model Minimum Pulse Width 'IF_ID:inst21|PC_out[26]'
Slack : 0.322
TNS   : 0.000

Type  : Slow 1100mV 0C Model Minimum Pulse Width 'inst20|inst4|vgaclk_inst|altera_pll_i|general[0].gpll~FRACTIONAL_PLL|vcoph[0]'
Slack : 0.497
TNS   : 0.000

Type  : Slow 1100mV 0C Model Minimum Pulse Width 'CLOCK_50'
Slack : 9.157
TNS   : 0.000

Type  : Slow 1100mV 0C Model Minimum Pulse Width 'inst20|inst4|vgaclk_inst|altera_pll_i|general[0].gpll~PLL_OUTPUT_COUNTER|divclk'
Slack : 18.453
TNS   : 0.000

Type  : Fast 1100mV 85C Model Setup 'ID_EX:inst30|ALUop_out[0]'
Slack : -8.724
TNS   : -422.213

Type  : Fast 1100mV 85C Model Setup 'inst20|inst4|vgaclk_inst|altera_pll_i|general[0].gpll~PLL_OUTPUT_COUNTER|divclk'
Slack : -7.881
TNS   : -221.951

Type  : Fast 1100mV 85C Model Setup 'IF_ID:inst21|PC_out[26]'
Slack : -5.047
TNS   : -48.269

Type  : Fast 1100mV 85C Model Setup 'KEY[0]'
Slack : -4.040
TNS   : -1442.877

Type  : Fast 1100mV 85C Model Setup 'CLOCK_50'
Slack : -2.278
TNS   : -24.274

Type  : Fast 1100mV 85C Model Setup 'clk_div:inst6|clock_10Khz_reg'
Slack : -0.428
TNS   : -2.581

Type  : Fast 1100mV 85C Model Setup 'clk_div:inst6|clock_100Khz_reg'
Slack : -0.409
TNS   : -1.979

Type  : Fast 1100mV 85C Model Setup 'clk_div:inst6|clock_1Mhz_reg'
Slack : -0.381
TNS   : -2.540

Type  : Fast 1100mV 85C Model Setup 'clk_div:inst6|clock_1Khz_reg'
Slack : -0.369
TNS   : -2.503

Type  : Fast 1100mV 85C Model Setup 'clk_div:inst6|clock_10Hz_reg'
Slack : -0.349
TNS   : -2.031

Type  : Fast 1100mV 85C Model Setup 'clk_div:inst6|clock_100hz_reg'
Slack : -0.338
TNS   : -1.879

Type  : Fast 1100mV 85C Model Hold 'KEY[0]'
Slack : -4.194
TNS   : -23.675

Type  : Fast 1100mV 85C Model Hold 'inst20|inst4|vgaclk_inst|altera_pll_i|general[0].gpll~PLL_OUTPUT_COUNTER|divclk'
Slack : 0.031
TNS   : 0.000

Type  : Fast 1100mV 85C Model Hold 'CLOCK_50'
Slack : 0.184
TNS   : 0.000

Type  : Fast 1100mV 85C Model Hold 'clk_div:inst6|clock_100hz_reg'
Slack : 0.281
TNS   : 0.000

Type  : Fast 1100mV 85C Model Hold 'clk_div:inst6|clock_1Khz_reg'
Slack : 0.282
TNS   : 0.000

Type  : Fast 1100mV 85C Model Hold 'clk_div:inst6|clock_10Hz_reg'
Slack : 0.299
TNS   : 0.000

Type  : Fast 1100mV 85C Model Hold 'clk_div:inst6|clock_100Khz_reg'
Slack : 0.313
TNS   : 0.000

Type  : Fast 1100mV 85C Model Hold 'clk_div:inst6|clock_1Mhz_reg'
Slack : 0.334
TNS   : 0.000

Type  : Fast 1100mV 85C Model Hold 'clk_div:inst6|clock_10Khz_reg'
Slack : 0.347
TNS   : 0.000

Type  : Fast 1100mV 85C Model Hold 'ID_EX:inst30|ALUop_out[0]'
Slack : 0.360
TNS   : 0.000

Type  : Fast 1100mV 85C Model Hold 'IF_ID:inst21|PC_out[26]'
Slack : 0.368
TNS   : 0.000

Type  : Fast 1100mV 85C Model Minimum Pulse Width 'KEY[0]'
Slack : -2.636
TNS   : -1330.412

Type  : Fast 1100mV 85C Model Minimum Pulse Width 'ID_EX:inst30|ALUop_out[0]'
Slack : -0.003
TNS   : -0.004

Type  : Fast 1100mV 85C Model Minimum Pulse Width 'clk_div:inst6|clock_10Khz_reg'
Slack : 0.124
TNS   : 0.000

Type  : Fast 1100mV 85C Model Minimum Pulse Width 'clk_div:inst6|clock_100hz_reg'
Slack : 0.125
TNS   : 0.000

Type  : Fast 1100mV 85C Model Minimum Pulse Width 'clk_div:inst6|clock_1Mhz_reg'
Slack : 0.141
TNS   : 0.000

Type  : Fast 1100mV 85C Model Minimum Pulse Width 'clk_div:inst6|clock_100Khz_reg'
Slack : 0.143
TNS   : 0.000

Type  : Fast 1100mV 85C Model Minimum Pulse Width 'clk_div:inst6|clock_10Hz_reg'
Slack : 0.143
TNS   : 0.000

Type  : Fast 1100mV 85C Model Minimum Pulse Width 'clk_div:inst6|clock_1Khz_reg'
Slack : 0.144
TNS   : 0.000

Type  : Fast 1100mV 85C Model Minimum Pulse Width 'IF_ID:inst21|PC_out[26]'
Slack : 0.456
TNS   : 0.000

Type  : Fast 1100mV 85C Model Minimum Pulse Width 'inst20|inst4|vgaclk_inst|altera_pll_i|general[0].gpll~FRACTIONAL_PLL|vcoph[0]'
Slack : 0.497
TNS   : 0.000

Type  : Fast 1100mV 85C Model Minimum Pulse Width 'CLOCK_50'
Slack : 9.159
TNS   : 0.000

Type  : Fast 1100mV 85C Model Minimum Pulse Width 'inst20|inst4|vgaclk_inst|altera_pll_i|general[0].gpll~PLL_OUTPUT_COUNTER|divclk'
Slack : 18.785
TNS   : 0.000

Type  : Fast 1100mV 0C Model Setup 'ID_EX:inst30|ALUop_out[0]'
Slack : -7.904
TNS   : -383.243

Type  : Fast 1100mV 0C Model Setup 'inst20|inst4|vgaclk_inst|altera_pll_i|general[0].gpll~PLL_OUTPUT_COUNTER|divclk'
Slack : -7.192
TNS   : -201.625

Type  : Fast 1100mV 0C Model Setup 'IF_ID:inst21|PC_out[26]'
Slack : -4.567
TNS   : -43.795

Type  : Fast 1100mV 0C Model Setup 'KEY[0]'
Slack : -3.342
TNS   : -1247.991

Type  : Fast 1100mV 0C Model Setup 'CLOCK_50'
Slack : -1.806
TNS   : -18.840

Type  : Fast 1100mV 0C Model Setup 'clk_div:inst6|clock_10Khz_reg'
Slack : -0.368
TNS   : -2.124

Type  : Fast 1100mV 0C Model Setup 'clk_div:inst6|clock_100Khz_reg'
Slack : -0.351
TNS   : -1.638

Type  : Fast 1100mV 0C Model Setup 'clk_div:inst6|clock_1Mhz_reg'
Slack : -0.307
TNS   : -2.014

Type  : Fast 1100mV 0C Model Setup 'clk_div:inst6|clock_1Khz_reg'
Slack : -0.302
TNS   : -2.029

Type  : Fast 1100mV 0C Model Setup 'clk_div:inst6|clock_100hz_reg'
Slack : -0.289
TNS   : -1.503

Type  : Fast 1100mV 0C Model Setup 'clk_div:inst6|clock_10Hz_reg'
Slack : -0.287
TNS   : -1.636

Type  : Fast 1100mV 0C Model Hold 'KEY[0]'
Slack : -3.879
TNS   : -22.633

Type  : Fast 1100mV 0C Model Hold 'CLOCK_50'
Slack : -0.057
TNS   : -0.095

Type  : Fast 1100mV 0C Model Hold 'inst20|inst4|vgaclk_inst|altera_pll_i|general[0].gpll~PLL_OUTPUT_COUNTER|divclk'
Slack : -0.026
TNS   : -0.026

Type  : Fast 1100mV 0C Model Hold 'clk_div:inst6|clock_100hz_reg'
Slack : 0.236
TNS   : 0.000

Type  : Fast 1100mV 0C Model Hold 'clk_div:inst6|clock_1Khz_reg'
Slack : 0.239
TNS   : 0.000

Type  : Fast 1100mV 0C Model Hold 'clk_div:inst6|clock_10Hz_reg'
Slack : 0.254
TNS   : 0.000

Type  : Fast 1100mV 0C Model Hold 'clk_div:inst6|clock_100Khz_reg'
Slack : 0.268
TNS   : 0.000

Type  : Fast 1100mV 0C Model Hold 'clk_div:inst6|clock_1Mhz_reg'
Slack : 0.286
TNS   : 0.000

Type  : Fast 1100mV 0C Model Hold 'clk_div:inst6|clock_10Khz_reg'
Slack : 0.299
TNS   : 0.000

Type  : Fast 1100mV 0C Model Hold 'IF_ID:inst21|PC_out[26]'
Slack : 0.324
TNS   : 0.000

Type  : Fast 1100mV 0C Model Hold 'ID_EX:inst30|ALUop_out[0]'
Slack : 0.352
TNS   : 0.000

Type  : Fast 1100mV 0C Model Minimum Pulse Width 'KEY[0]'
Slack : -2.636
TNS   : -1337.028

Type  : Fast 1100mV 0C Model Minimum Pulse Width 'ID_EX:inst30|ALUop_out[0]'
Slack : 0.107
TNS   : 0.000

Type  : Fast 1100mV 0C Model Minimum Pulse Width 'clk_div:inst6|clock_100hz_reg'
Slack : 0.127
TNS   : 0.000

Type  : Fast 1100mV 0C Model Minimum Pulse Width 'clk_div:inst6|clock_10Khz_reg'
Slack : 0.133
TNS   : 0.000

Type  : Fast 1100mV 0C Model Minimum Pulse Width 'clk_div:inst6|clock_1Khz_reg'
Slack : 0.142
TNS   : 0.000

Type  : Fast 1100mV 0C Model Minimum Pulse Width 'clk_div:inst6|clock_100Khz_reg'
Slack : 0.143
TNS   : 0.000

Type  : Fast 1100mV 0C Model Minimum Pulse Width 'clk_div:inst6|clock_10Hz_reg'
Slack : 0.143
TNS   : 0.000

Type  : Fast 1100mV 0C Model Minimum Pulse Width 'clk_div:inst6|clock_1Mhz_reg'
Slack : 0.148
TNS   : 0.000

Type  : Fast 1100mV 0C Model Minimum Pulse Width 'IF_ID:inst21|PC_out[26]'
Slack : 0.462
TNS   : 0.000

Type  : Fast 1100mV 0C Model Minimum Pulse Width 'inst20|inst4|vgaclk_inst|altera_pll_i|general[0].gpll~FRACTIONAL_PLL|vcoph[0]'
Slack : 0.497
TNS   : 0.000

Type  : Fast 1100mV 0C Model Minimum Pulse Width 'CLOCK_50'
Slack : 9.172
TNS   : 0.000

Type  : Fast 1100mV 0C Model Minimum Pulse Width 'inst20|inst4|vgaclk_inst|altera_pll_i|general[0].gpll~PLL_OUTPUT_COUNTER|divclk'
Slack : 18.786
TNS   : 0.000

------------------------------------------------------------
