------------------------------------------------------------
Timing Analyzer Summary
------------------------------------------------------------

Type  : Slow 1100mV 85C Model Setup 'inst20|inst4|vgaclk_inst|altera_pll_i|general[0].gpll~PLL_OUTPUT_COUNTER|divclk'
Slack : -11.192
TNS   : -336.613

Type  : Slow 1100mV 85C Model Setup 'CLOCK_50'
Slack : -9.983
TNS   : -310.752

Type  : Slow 1100mV 85C Model Setup 'KEY[0]'
Slack : -4.732
TNS   : -5491.368

Type  : Slow 1100mV 85C Model Hold 'inst20|inst4|vgaclk_inst|altera_pll_i|general[0].gpll~PLL_OUTPUT_COUNTER|divclk'
Slack : 0.267
TNS   : 0.000

Type  : Slow 1100mV 85C Model Hold 'KEY[0]'
Slack : 0.327
TNS   : 0.000

Type  : Slow 1100mV 85C Model Hold 'CLOCK_50'
Slack : 1.697
TNS   : 0.000

Type  : Slow 1100mV 85C Model Minimum Pulse Width 'KEY[0]'
Slack : -2.636
TNS   : -1775.374

Type  : Slow 1100mV 85C Model Minimum Pulse Width 'inst20|inst4|vgaclk_inst|altera_pll_i|general[0].gpll~FRACTIONAL_PLL|vcoph[0]'
Slack : 0.497
TNS   : 0.000

Type  : Slow 1100mV 85C Model Minimum Pulse Width 'CLOCK_50'
Slack : 9.331
TNS   : 0.000

Type  : Slow 1100mV 85C Model Minimum Pulse Width 'inst20|inst4|vgaclk_inst|altera_pll_i|general[0].gpll~PLL_OUTPUT_COUNTER|divclk'
Slack : 18.495
TNS   : 0.000

Type  : Slow 1100mV 0C Model Setup 'inst20|inst4|vgaclk_inst|altera_pll_i|general[0].gpll~PLL_OUTPUT_COUNTER|divclk'
Slack : -11.084
TNS   : -330.706

Type  : Slow 1100mV 0C Model Setup 'CLOCK_50'
Slack : -9.676
TNS   : -299.342

Type  : Slow 1100mV 0C Model Setup 'KEY[0]'
Slack : -4.524
TNS   : -5166.854

Type  : Slow 1100mV 0C Model Hold 'inst20|inst4|vgaclk_inst|altera_pll_i|general[0].gpll~PLL_OUTPUT_COUNTER|divclk'
Slack : 0.249
TNS   : 0.000

Type  : Slow 1100mV 0C Model Hold 'KEY[0]'
Slack : 0.394
TNS   : 0.000

Type  : Slow 1100mV 0C Model Hold 'CLOCK_50'
Slack : 1.460
TNS   : 0.000

Type  : Slow 1100mV 0C Model Minimum Pulse Width 'KEY[0]'
Slack : -2.636
TNS   : -1773.050

Type  : Slow 1100mV 0C Model Minimum Pulse Width 'inst20|inst4|vgaclk_inst|altera_pll_i|general[0].gpll~FRACTIONAL_PLL|vcoph[0]'
Slack : 0.497
TNS   : 0.000

Type  : Slow 1100mV 0C Model Minimum Pulse Width 'CLOCK_50'
Slack : 9.219
TNS   : 0.000

Type  : Slow 1100mV 0C Model Minimum Pulse Width 'inst20|inst4|vgaclk_inst|altera_pll_i|general[0].gpll~PLL_OUTPUT_COUNTER|divclk'
Slack : 18.453
TNS   : 0.000

Type  : Fast 1100mV 85C Model Setup 'inst20|inst4|vgaclk_inst|altera_pll_i|general[0].gpll~PLL_OUTPUT_COUNTER|divclk'
Slack : -6.219
TNS   : -181.687

Type  : Fast 1100mV 85C Model Setup 'CLOCK_50'
Slack : -5.436
TNS   : -164.906

Type  : Fast 1100mV 85C Model Setup 'KEY[0]'
Slack : -2.697
TNS   : -2068.060

Type  : Fast 1100mV 85C Model Hold 'inst20|inst4|vgaclk_inst|altera_pll_i|general[0].gpll~PLL_OUTPUT_COUNTER|divclk'
Slack : 0.136
TNS   : 0.000

Type  : Fast 1100mV 85C Model Hold 'KEY[0]'
Slack : 0.184
TNS   : 0.000

Type  : Fast 1100mV 85C Model Hold 'CLOCK_50'
Slack : 0.383
TNS   : 0.000

Type  : Fast 1100mV 85C Model Minimum Pulse Width 'KEY[0]'
Slack : -2.174
TNS   : -715.980

Type  : Fast 1100mV 85C Model Minimum Pulse Width 'inst20|inst4|vgaclk_inst|altera_pll_i|general[0].gpll~FRACTIONAL_PLL|vcoph[0]'
Slack : 0.497
TNS   : 0.000

Type  : Fast 1100mV 85C Model Minimum Pulse Width 'CLOCK_50'
Slack : 9.403
TNS   : 0.000

Type  : Fast 1100mV 85C Model Minimum Pulse Width 'inst20|inst4|vgaclk_inst|altera_pll_i|general[0].gpll~PLL_OUTPUT_COUNTER|divclk'
Slack : 18.785
TNS   : 0.000

Type  : Fast 1100mV 0C Model Setup 'inst20|inst4|vgaclk_inst|altera_pll_i|general[0].gpll~PLL_OUTPUT_COUNTER|divclk'
Slack : -5.877
TNS   : -172.608

Type  : Fast 1100mV 0C Model Setup 'CLOCK_50'
Slack : -5.010
TNS   : -152.735

Type  : Fast 1100mV 0C Model Setup 'KEY[0]'
Slack : -2.415
TNS   : -1657.696

Type  : Fast 1100mV 0C Model Hold 'inst20|inst4|vgaclk_inst|altera_pll_i|general[0].gpll~PLL_OUTPUT_COUNTER|divclk'
Slack : 0.125
TNS   : 0.000

Type  : Fast 1100mV 0C Model Hold 'KEY[0]'
Slack : 0.193
TNS   : 0.000

Type  : Fast 1100mV 0C Model Hold 'CLOCK_50'
Slack : 0.228
TNS   : 0.000

Type  : Fast 1100mV 0C Model Minimum Pulse Width 'KEY[0]'
Slack : -2.174
TNS   : -734.457

Type  : Fast 1100mV 0C Model Minimum Pulse Width 'inst20|inst4|vgaclk_inst|altera_pll_i|general[0].gpll~FRACTIONAL_PLL|vcoph[0]'
Slack : 0.497
TNS   : 0.000

Type  : Fast 1100mV 0C Model Minimum Pulse Width 'CLOCK_50'
Slack : 9.404
TNS   : 0.000

Type  : Fast 1100mV 0C Model Minimum Pulse Width 'inst20|inst4|vgaclk_inst|altera_pll_i|general[0].gpll~PLL_OUTPUT_COUNTER|divclk'
Slack : 18.786
TNS   : 0.000

------------------------------------------------------------
